exports[`test Col 1`] = `
<div
  className="col-xs-12" />
`;

exports[`test Container 1`] = `
<div
  className="container-fluid" />
`;

exports[`test Row 1`] = `
<div
  className=" row" />
`;
